   1001	   0.0
   1019	   0.1
    967	   0.2
   1012	   0.3
   1003	   0.4
   1018	   0.5
    986	   0.6
    990	   0.7
    971	   0.8
   1027	   0.9
      6	   1.0
